[
  {
    "apiVersion": "v1",
    "kind": "ServiceAccount",
    "metadata": {
      "name": "hello",
      "labels": {
        "helm.sh/chart": "hello-0.1.0",
        "app.kubernetes.io/name": "hello",
        "app.kubernetes.io/instance": "hello",
        "app.kubernetes.io/version": "1.16.0",
        "app.kubernetes.io/managed-by": "Helm"
      }
    },
    "automountServiceAccountToken": true
  },
  {
    "apiVersion": "v1",
    "kind": "Service",
    "metadata": {
      "name": "hello",
      "labels": {
        "helm.sh/chart": "hello-0.1.0",
        "app.kubernetes.io/name": "hello",
        "app.kubernetes.io/instance": "hello",
        "app.kubernetes.io/version": "1.16.0",
        "app.kubernetes.io/managed-by": "Helm"
      }
    },
    "spec": {
      "type": "ClusterIP",
      "ports": [
        {
          "port": 80,
          "targetPort": "http",
          "protocol": "TCP",
          "name": "http"
        }
      ],
      "selector": {
        "app.kubernetes.io/name": "hello",
        "app.kubernetes.io/instance": "hello"
      }
    }
  },
  {
    "apiVersion": "apps/v1",
    "kind": "Deployment",
    "metadata": {
      "name": "hello",
      "labels": {
        "helm.sh/chart": "hello-0.1.0",
        "app.kubernetes.io/name": "hello",
        "app.kubernetes.io/instance": "hello",
        "app.kubernetes.io/version": "1.16.0",
        "app.kubernetes.io/managed-by": "Helm"
      }
    },
    "spec": {
      "replicas": 1,
      "selector": {
        "matchLabels": {
          "app.kubernetes.io/name": "hello",
          "app.kubernetes.io/instance": "hello"
        }
      },
      "template": {
        "metadata": {
          "labels": {
            "helm.sh/chart": "hello-0.1.0",
            "app.kubernetes.io/name": "hello",
            "app.kubernetes.io/instance": "hello",
            "app.kubernetes.io/version": "1.16.0",
            "app.kubernetes.io/managed-by": "Helm"
          }
        },
        "spec": {
          "serviceAccountName": "hello",
          "containers": [
            {
              "name": "hello",
              "image": "nginx:1.16.0",
              "imagePullPolicy": "IfNotPresent",
              "ports": [
                {
                  "name": "http",
                  "containerPort": 80,
                  "protocol": "TCP"
                }
              ],
              "livenessProbe": {
                "httpGet": {
                  "path": "/",
                  "port": "http"
                }
              },
              "readinessProbe": {
                "httpGet": {
                  "path": "/",
                  "port": "http"
                }
              }
            }
          ]
        }
      }
    }
  },
  {
    "apiVersion": "v1",
    "kind": "Pod",
    "metadata": {
      "name": "hello-test-connection",
      "labels": {
        "helm.sh/chart": "hello-0.1.0",
        "app.kubernetes.io/name": "hello",
        "app.kubernetes.io/instance": "hello",
        "app.kubernetes.io/version": "1.16.0",
        "app.kubernetes.io/managed-by": "Helm"
      },
      "annotations": {
        "helm.sh/hook": "test"
      }
    },
    "spec": {
      "containers": [
        {
          "name": "wget",
          "image": "busybox",
          "command": [
            "wget"
          ],
          "args": [
            "hello:80"
          ]
        }
      ],
      "restartPolicy": "Never"
    }
  }
]
