[
  {
    "apiVersion": "apps/v1",
    "kind": "DaemonSet",
    "metadata": {
      "name": "promtail",
      "namespace": "default",
      "labels": {
        "helm.sh/chart": "promtail-6.16.6",
        "app.kubernetes.io/name": "promtail",
        "app.kubernetes.io/instance": "promtail",
        "app.kubernetes.io/version": "3.0.0",
        "app.kubernetes.io/managed-by": "Helm"
      }
    },
    "spec": {
      "selector": {
        "matchLabels": {
          "app.kubernetes.io/name": "promtail",
          "app.kubernetes.io/instance": "promtail"
        }
      },
      "updateStrategy": {},
      "template": {
        "metadata": {
          "labels": {
            "app.kubernetes.io/name": "promtail",
            "app.kubernetes.io/instance": "promtail"
          },
          "annotations": {
            "checksum/config": "2ef0f14afc8ed4b72495a244ef20e42a4bc14afd488033fe94e04c341b97529a"
          }
        },
        "spec": {
          "serviceAccountName": "promtail",
          "automountServiceAccountToken": true,
          "enableServiceLinks": true,
          "securityContext": {
            "runAsGroup": 0,
            "runAsUser": 0
          },
          "containers": [
            {
              "name": "promtail",
              "image": "docker.io/grafana/promtail:3.0.0",
              "imagePullPolicy": "IfNotPresent",
              "args": [
                "-config.file=/etc/promtail/promtail.yaml"
              ],
              "volumeMounts": [
                {
                  "name": "config",
                  "mountPath": "/etc/promtail"
                },
                {
                  "mountPath": "/run/promtail",
                  "name": "run"
                },
                {
                  "mountPath": "/var/lib/docker/containers",
                  "name": "containers",
                  "readOnly": true
                },
                {
                  "mountPath": "/var/log/pods",
                  "name": "pods",
                  "readOnly": true
                }
              ],
              "env": [
                {
                  "name": "HOSTNAME",
                  "valueFrom": {
                    "fieldRef": {
                      "fieldPath": "spec.nodeName"
                    }
                  }
                }
              ],
              "ports": [
                {
                  "name": "http-metrics",
                  "containerPort": 3101,
                  "protocol": "TCP"
                }
              ],
              "securityContext": {
                "allowPrivilegeEscalation": false,
                "capabilities": {
                  "drop": [
                    "ALL"
                  ]
                },
                "readOnlyRootFilesystem": true
              },
              "readinessProbe": {
                "failureThreshold": 5,
                "httpGet": {
                  "path": "/ready",
                  "port": "http-metrics"
                },
                "initialDelaySeconds": 10,
                "periodSeconds": 10,
                "successThreshold": 1,
                "timeoutSeconds": 1
              }
            }
          ],
          "tolerations": [
            {
              "effect": "NoSchedule",
              "key": "node-role.kubernetes.io/master",
              "operator": "Exists"
            },
            {
              "effect": "NoSchedule",
              "key": "node-role.kubernetes.io/control-plane",
              "operator": "Exists"
            }
          ],
          "volumes": [
            {
              "name": "config",
              "secret": {
                "secretName": "promtail"
              }
            },
            {
              "hostPath": {
                "path": "/run/promtail"
              },
              "name": "run"
            },
            {
              "hostPath": {
                "path": "/var/lib/docker/containers"
              },
              "name": "containers"
            },
            {
              "hostPath": {
                "path": "/var/log/pods"
              },
              "name": "pods"
            }
          ]
        }
      }
    }
  },
  {
    "kind": "ClusterRole",
    "apiVersion": "rbac.authorization.k8s.io/v1",
    "metadata": {
      "name": "promtail",
      "labels": {
        "helm.sh/chart": "promtail-6.16.6",
        "app.kubernetes.io/name": "promtail",
        "app.kubernetes.io/instance": "promtail",
        "app.kubernetes.io/version": "3.0.0",
        "app.kubernetes.io/managed-by": "Helm"
      }
    },
    "rules": [
      {
        "apiGroups": [
          ""
        ],
        "resources": [
          "nodes",
          "nodes/proxy",
          "services",
          "endpoints",
          "pods"
        ],
        "verbs": [
          "get",
          "watch",
          "list"
        ]
      }
    ]
  },
  {
    "kind": "ClusterRoleBinding",
    "apiVersion": "rbac.authorization.k8s.io/v1",
    "metadata": {
      "name": "promtail",
      "labels": {
        "helm.sh/chart": "promtail-6.16.6",
        "app.kubernetes.io/name": "promtail",
        "app.kubernetes.io/instance": "promtail",
        "app.kubernetes.io/version": "3.0.0",
        "app.kubernetes.io/managed-by": "Helm"
      }
    },
    "subjects": [
      {
        "kind": "ServiceAccount",
        "name": "promtail",
        "namespace": "default"
      }
    ],
    "roleRef": {
      "kind": "ClusterRole",
      "name": "promtail",
      "apiGroup": "rbac.authorization.k8s.io"
    }
  },
  {
    "apiVersion": "v1",
    "kind": "Secret",
    "metadata": {
      "name": "promtail",
      "namespace": "default",
      "labels": {
        "helm.sh/chart": "promtail-6.16.6",
        "app.kubernetes.io/name": "promtail",
        "app.kubernetes.io/instance": "promtail",
        "app.kubernetes.io/version": "3.0.0",
        "app.kubernetes.io/managed-by": "Helm"
      }
    },
    "stringData": {
      "promtail.yaml": "server:\n  log_level: info\n  log_format: logfmt\n  http_listen_port: 3101\n  \n\nclients:\n  - url: http://loki-gateway/loki/api/v1/push\n\npositions:\n  filename: /run/promtail/positions.yaml\n\nscrape_configs:\n  # See also https://github.com/grafana/loki/blob/master/production/ksonnet/promtail/scrape_config.libsonnet for reference\n  - job_name: kubernetes-pods\n    pipeline_stages:\n      - cri: {}\n    kubernetes_sd_configs:\n      - role: pod\n    relabel_configs:\n      - source_labels:\n          - __meta_kubernetes_pod_controller_name\n        regex: ([0-9a-z-.]+?)(-[0-9a-f]{8,10})?\n        action: replace\n        target_label: __tmp_controller_name\n      - source_labels:\n          - __meta_kubernetes_pod_label_app_kubernetes_io_name\n          - __meta_kubernetes_pod_label_app\n          - __tmp_controller_name\n          - __meta_kubernetes_pod_name\n        regex: ^;*([^;]+)(;.*)?$\n        action: replace\n        target_label: app\n      - source_labels:\n          - __meta_kubernetes_pod_label_app_kubernetes_io_instance\n          - __meta_kubernetes_pod_label_instance\n        regex: ^;*([^;]+)(;.*)?$\n        action: replace\n        target_label: instance\n      - source_labels:\n          - __meta_kubernetes_pod_label_app_kubernetes_io_component\n          - __meta_kubernetes_pod_label_component\n        regex: ^;*([^;]+)(;.*)?$\n        action: replace\n        target_label: component\n      - action: replace\n        source_labels:\n        - __meta_kubernetes_pod_node_name\n        target_label: node_name\n      - action: replace\n        source_labels:\n        - __meta_kubernetes_namespace\n        target_label: namespace\n      - action: replace\n        replacement: $1\n        separator: /\n        source_labels:\n        - namespace\n        - app\n        target_label: job\n      - action: replace\n        source_labels:\n        - __meta_kubernetes_pod_name\n        target_label: pod\n      - action: replace\n        source_labels:\n        - __meta_kubernetes_pod_container_name\n        target_label: container\n      - action: replace\n        replacement: /var/log/pods/*$1/*.log\n        separator: /\n        source_labels:\n        - __meta_kubernetes_pod_uid\n        - __meta_kubernetes_pod_container_name\n        target_label: __path__\n      - action: replace\n        regex: true/(.*)\n        replacement: /var/log/pods/*$1/*.log\n        separator: /\n        source_labels:\n        - __meta_kubernetes_pod_annotationpresent_kubernetes_io_config_hash\n        - __meta_kubernetes_pod_annotation_kubernetes_io_config_hash\n        - __meta_kubernetes_pod_container_name\n        target_label: __path__\n  \n  \n\nlimits_config:\n  \n\ntracing:\n  enabled: false\n"
    }
  },
  {
    "apiVersion": "v1",
    "kind": "ServiceAccount",
    "metadata": {
      "name": "promtail",
      "namespace": "default",
      "labels": {
        "helm.sh/chart": "promtail-6.16.6",
        "app.kubernetes.io/name": "promtail",
        "app.kubernetes.io/instance": "promtail",
        "app.kubernetes.io/version": "3.0.0",
        "app.kubernetes.io/managed-by": "Helm"
      }
    },
    "automountServiceAccountToken": true
  }
]
