[
  {
    "apiVersion": "apps/v1",
    "kind": "Deployment",
    "metadata": {
      "annotations": {
        "meta.helm.sh/release-namespace": "reloader",
        "meta.helm.sh/release-name": "reloader"
      },
      "labels": {
        "app": "reloader-reloader",
        "chart": "reloader-2.1.3",
        "release": "reloader",
        "heritage": "Helm",
        "app.kubernetes.io/managed-by": "Helm",
        "group": "com.stakater.platform",
        "provider": "stakater",
        "version": "v1.4.2"
      },
      "name": "reloader-reloader",
      "namespace": "reloader"
    },
    "spec": {
      "replicas": 1,
      "revisionHistoryLimit": 2,
      "selector": {
        "matchLabels": {
          "app": "reloader-reloader",
          "release": "reloader"
        }
      },
      "template": {
        "metadata": {
          "labels": {
            "app": "reloader-reloader",
            "chart": "reloader-2.1.3",
            "release": "reloader",
            "heritage": "Helm",
            "app.kubernetes.io/managed-by": "Helm",
            "group": "com.stakater.platform",
            "provider": "stakater",
            "version": "v1.4.2"
          }
        },
        "spec": {
          "containers": [
            {
              "image": "ghcr.io/stakater/reloader:v1.4.2",
              "imagePullPolicy": "IfNotPresent",
              "name": "reloader-reloader",
              "env": [
                {
                  "name": "GOMAXPROCS",
                  "valueFrom": {
                    "resourceFieldRef": {
                      "resource": "limits.cpu",
                      "divisor": "1"
                    }
                  }
                },
                {
                  "name": "GOMEMLIMIT",
                  "valueFrom": {
                    "resourceFieldRef": {
                      "resource": "limits.memory",
                      "divisor": "1"
                    }
                  }
                }
              ],
              "ports": [
                {
                  "name": "http",
                  "containerPort": 9090
                }
              ],
              "livenessProbe": {
                "httpGet": {
                  "path": "/live",
                  "port": "http"
                },
                "timeoutSeconds": 5,
                "failureThreshold": 5,
                "periodSeconds": 10,
                "successThreshold": 1,
                "initialDelaySeconds": 10
              },
              "readinessProbe": {
                "httpGet": {
                  "path": "/metrics",
                  "port": "http"
                },
                "timeoutSeconds": 5,
                "failureThreshold": 5,
                "periodSeconds": 10,
                "successThreshold": 1,
                "initialDelaySeconds": 10
              },
              "securityContext": {},
              "args": [
                "--log-level=info",
                "--reload-strategy=annotations"
              ]
            }
          ],
          "securityContext": {
            "runAsNonRoot": true,
            "runAsUser": 65534,
            "seccompProfile": {
              "type": "RuntimeDefault"
            }
          },
          "serviceAccountName": "reloader-reloader"
        }
      }
    }
  },
  {
    "apiVersion": "rbac.authorization.k8s.io/v1",
    "kind": "ClusterRole",
    "metadata": {
      "annotations": {
        "meta.helm.sh/release-namespace": "reloader",
        "meta.helm.sh/release-name": "reloader"
      },
      "labels": {
        "app": "reloader-reloader",
        "chart": "reloader-2.1.3",
        "release": "reloader",
        "heritage": "Helm",
        "app.kubernetes.io/managed-by": "Helm"
      },
      "name": "reloader-reloader-role"
    },
    "rules": [
      {
        "apiGroups": [
          ""
        ],
        "resources": [
          "secrets",
          "configmaps"
        ],
        "verbs": [
          "list",
          "get",
          "watch"
        ]
      },
      {
        "apiGroups": [
          "apps"
        ],
        "resources": [
          "deployments",
          "daemonsets",
          "statefulsets"
        ],
        "verbs": [
          "list",
          "get",
          "update",
          "patch"
        ]
      },
      {
        "apiGroups": [
          "batch"
        ],
        "resources": [
          "cronjobs"
        ],
        "verbs": [
          "list",
          "get"
        ]
      },
      {
        "apiGroups": [
          "batch"
        ],
        "resources": [
          "jobs"
        ],
        "verbs": [
          "create",
          "delete",
          "list",
          "get"
        ]
      },
      {
        "apiGroups": [
          ""
        ],
        "resources": [
          "events"
        ],
        "verbs": [
          "create",
          "patch"
        ]
      }
    ]
  },
  {
    "apiVersion": "rbac.authorization.k8s.io/v1",
    "kind": "ClusterRoleBinding",
    "metadata": {
      "annotations": {
        "meta.helm.sh/release-namespace": "reloader",
        "meta.helm.sh/release-name": "reloader"
      },
      "labels": {
        "app": "reloader-reloader",
        "chart": "reloader-2.1.3",
        "release": "reloader",
        "heritage": "Helm",
        "app.kubernetes.io/managed-by": "Helm"
      },
      "name": "reloader-reloader-role-binding"
    },
    "roleRef": {
      "apiGroup": "rbac.authorization.k8s.io",
      "kind": "ClusterRole",
      "name": "reloader-reloader-role"
    },
    "subjects": [
      {
        "kind": "ServiceAccount",
        "name": "reloader-reloader",
        "namespace": "reloader"
      }
    ]
  },
  {
    "apiVersion": "v1",
    "kind": "ServiceAccount",
    "metadata": {
      "annotations": {
        "meta.helm.sh/release-namespace": "reloader",
        "meta.helm.sh/release-name": "reloader"
      },
      "labels": {
        "app": "reloader-reloader",
        "chart": "reloader-2.1.3",
        "release": "reloader",
        "heritage": "Helm",
        "app.kubernetes.io/managed-by": "Helm"
      },
      "name": "reloader-reloader",
      "namespace": "reloader"
    }
  }
]
