[
  {
    "apiVersion": "apps/v1",
    "kind": "Deployment",
    "metadata": {
      "name": "sidekiq-prometheus-exporter",
      "labels": {
        "app.kubernetes.io/name": "sidekiq-prometheus-exporter",
        "helm.sh/chart": "sidekiq-prometheus-exporter-0.2.1",
        "app.kubernetes.io/instance": "sidekiq-prometheus-exporter",
        "app.kubernetes.io/version": "0.2.0-4",
        "app.kubernetes.io/managed-by": "Helm"
      }
    },
    "spec": {
      "replicas": 1,
      "selector": {
        "matchLabels": {
          "app.kubernetes.io/name": "sidekiq-prometheus-exporter",
          "app.kubernetes.io/instance": "sidekiq-prometheus-exporter"
        }
      },
      "template": {
        "metadata": {
          "labels": {
            "app.kubernetes.io/name": "sidekiq-prometheus-exporter",
            "app.kubernetes.io/instance": "sidekiq-prometheus-exporter"
          }
        },
        "spec": {
          "containers": [
            {
              "name": "sidekiq-prometheus-exporter",
              "image": "docker.io/strech/sidekiq-prometheus-exporter:0.2.0-4",
              "imagePullPolicy": "IfNotPresent",
              "ports": [
                {
                  "name": "metrics",
                  "containerPort": 9292,
                  "protocol": "TCP"
                }
              ],
              "livenessProbe": {
                "tcpSocket": {
                  "port": "metrics"
                },
                "failureThreshold": 3,
                "initialDelaySeconds": 5,
                "periodSeconds": 5,
                "successThreshold": 1,
                "timeoutSeconds": 5
              },
              "readinessProbe": {
                "tcpSocket": {
                  "port": "metrics"
                },
                "failureThreshold": 3,
                "initialDelaySeconds": 5,
                "periodSeconds": 5,
                "successThreshold": 1,
                "timeoutSeconds": 5
              }
            }
          ],
          "serviceAccountName": "sidekiq-prometheus-exporter"
        }
      }
    }
  },
  {
    "apiVersion": "v1",
    "kind": "Service",
    "metadata": {
      "name": "sidekiq-prometheus-exporter",
      "labels": {
        "app.kubernetes.io/name": "sidekiq-prometheus-exporter",
        "helm.sh/chart": "sidekiq-prometheus-exporter-0.2.1",
        "app.kubernetes.io/instance": "sidekiq-prometheus-exporter",
        "app.kubernetes.io/version": "0.2.0-4",
        "app.kubernetes.io/managed-by": "Helm"
      }
    },
    "spec": {
      "type": "ClusterIP",
      "ports": [
        {
          "port": 80,
          "targetPort": "metrics",
          "protocol": "TCP",
          "name": "metrics"
        }
      ],
      "selector": {
        "app.kubernetes.io/name": "sidekiq-prometheus-exporter",
        "app.kubernetes.io/instance": "sidekiq-prometheus-exporter"
      }
    }
  },
  {
    "apiVersion": "v1",
    "kind": "ServiceAccount",
    "metadata": {
      "name": "sidekiq-prometheus-exporter",
      "labels": {
        "app.kubernetes.io/name": "sidekiq-prometheus-exporter",
        "helm.sh/chart": "sidekiq-prometheus-exporter-0.2.1",
        "app.kubernetes.io/instance": "sidekiq-prometheus-exporter",
        "app.kubernetes.io/version": "0.2.0-4",
        "app.kubernetes.io/managed-by": "Helm"
      }
    }
  }
]
